// Jest Snapshot v1, https://goo.gl/fbAQLP

exports[`Typeahead should render Typeahead 1`] = `
<span
  className="typeahead"
  onFocus={[Function]}
>
  <input
    className=""
    defaultValue=""
    onChange={[Function]}
    onKeyDown={[Function]}
    placeholder="Search..."
    type="text"
  />
</span>
`;
